# Call from the Deep Races | Created by JVC Parry
# Race Name	SORTKEY		Size		Move							Ability					Nb Legs	Nb Hands	Main Race Type	Race Subtype		Type			Source Page
# [NAME]	SORTKEY:Base_PC	SIZE:[S/M/L]	MOVE:Walk,0	BONUS:VAR|RaceBase_Swim|40	BONUS:VAR|RaceBase_Walk|30	ABILITY:Race|AUTOMATIC|[NAME]	LEGS:2	HANDS:2	RACETYPE:Humanoid	RACESUBTYPE:[NAME]	TYPE:Humanoid.PC	SOURCEPAGE:p.{INSERT PAGE}

Merfolk	SORTKEY:Base_PC	SIZE:M	MOVE:Walk,0	BONUS:VAR|RaceBase_Swim|30	BONUS:VAR|RaceBase_Walk|10	ABILITY:Race|AUTOMATIC|Merfolk	LEGS:0	HANDS:2	RACETYPE:Humanoid	RACESUBTYPE:Merfolk	TYPE:Humanoid.PC	SOURCEPAGE:p.255
Sahuagin	SORTKEY:Base_PC	SIZE:M	MOVE:Walk,0	BONUS:VAR|RaceBase_Swim|40	BONUS:VAR|RaceBase_Walk|30	ABILITY:Race|AUTOMATIC|Sahuagin	LEGS:2	HANDS:2	RACETYPE:Humanoid	RACESUBTYPE:Sahuagin	TYPE:Humanoid.PC	SOURCEPAGE:p.256
Sea Spawn	SORTKEY:Base_PC	SIZE:M	MOVE:Walk,0	BONUS:VAR|RaceBase_Swim|30	BONUS:VAR|RaceBase_Walk|20	ABILITY:Race|AUTOMATIC|Sea Spawn	LEGS:2	HANDS:2	RACETYPE:Humanoid	RACESUBTYPE:Sea Spawn	TYPE:Humanoid.PC	SOURCEPAGE:p.257
Aldani	SORTKEY:Base_PC	SIZE:M	MOVE:Walk,0	BONUS:VAR|RaceBase_Swim|30	BONUS:VAR|RaceBase_Walk|20	ABILITY:Race|AUTOMATIC|Aldani	LEGS:2	HANDS:2	RACETYPE:Humanoid	RACESUBTYPE:Aldani	TYPE:Humanoid.PC	SOURCEPAGE:p.257
