# Race Name	SORTKEY		Size		Move							Ability					Nb Legs	Nb Hands	Main Race Type	Race Subtype		Type			Source Page

Aarakocra  SORTKEY:Base_PC  Size:M  MOVE:Walk,30,Fly,30  ABILITY:Internal|AUTOMATIC|Racial Traits ~ Aarakocra  LEGS:2  HANDS:2  RACETYPE:Humanoid  RACESUBTYPE:Aarakocra  TYPE.PC  SOURCEPAGE:p.6 
# Aasimar 
# Bugbear 
# Centaur 
# Changeling 
# Deep Gnome 
# Duergar
# Eladrin 
# Fairy 
# Firbolg 
# Genasi, Air 
# Genasi, Earth 
# Genasi, Fire 
# Genasi, Water 
# Githyanki 
# Githzerai 
# Goblin 
# Goliath 
# Harengon 
# Hobgoblin 
# Kenku 
Kobold		SORTKEY:Base_PC	SIZE:S	MOVE:Walk,30	ABILITY:Internal|AUTOMATIC|Racial Traits ~ Kobold	LEGS:2	HANDS:2	RACETYPE:Humanoid		RACESUBTYPE:Kobold	TYPE:Humanoid.PC	SOURCEPAGE:p.25
# Lizardfolk 
# Minotaur 
# Orc
# Satyr
# Sea Elf
# Shadar-kai
# Shifter
# Tabaxi
Tortle		SORTKEY:Base_PC	SIZE:M	MOVE:Walk,30	ABILITY:Internal|AUTOMATIC|Racial Traits ~ Tortle	LEGS:2	HANDS:2	RACETYPE:Humanoid		RACESUBTYPE:Tortle	TYPE:Humanoid.PC	SOURCEPAGE:p.34
# Triton
# Yuan-ti
